// Jest Snapshot v1, https://goo.gl/fbAQLP

exports[`The Newsletters stack matches the snapshot 1`] = `
{
  "Metadata": {
    "gu:cdk:constructs": [
      "GuDistributionBucketParameter",
      "GuVpcParameter",
      "GuSubnetListParameter",
      "GuSubnetListParameter",
      "GuNodeApp",
      "GuCertificate",
      "GuInstanceRole",
      "GuDescribeEC2Policy",
      "GuLoggingStreamNameParameter",
      "GuLogShippingPolicy",
      "GuGetDistributablePolicy",
      "GuParameterStoreReadPolicy",
      "GuAmiParameter",
      "GuHttpsEgressSecurityGroup",
      "GuAutoScalingGroup",
      "GuWazuhAccess",
      "GuApplicationLoadBalancer",
      "GuApplicationTargetGroup",
      "GuHttpsApplicationListener",
      "GuHttpsEgressSecurityGroup",
      "GuStringParameter",
      "GuCname",
    ],
    "gu:cdk:version": "TEST",
  },
  "Outputs": {
    "LoadBalancerNewsletterstoolDnsName": {
      "Description": "DNS entry for LoadBalancerNewsletterstool",
      "Value": {
        "Fn::GetAtt": [
          "LoadBalancerNewsletterstoolE9AB350F",
          "DNSName",
        ],
      },
    },
  },
  "Parameters": {
    "AMINewsletterstool": {
      "Description": "Amazon Machine Image ID for the app newsletters-tool. Use this in conjunction with AMIgo to keep AMIs up to date.",
      "Type": "AWS::EC2::Image::Id",
    },
    "DistributionBucketName": {
      "Default": "/account/services/artifact.bucket",
      "Description": "SSM parameter containing the S3 bucket name holding distribution artifacts",
      "Type": "AWS::SSM::Parameter::Value<String>",
    },
    "GoogleClientID": {
      "Default": "/TEST/newsletters/newsletters-tool/googleClientId",
      "Description": "Google OAuth client ID",
      "Type": "AWS::SSM::Parameter::Value<String>",
    },
    "LoggingStreamName": {
      "Default": "/account/services/logging.stream.name",
      "Description": "SSM parameter containing the Name (not ARN) on the kinesis stream",
      "Type": "AWS::SSM::Parameter::Value<String>",
    },
    "VpcId": {
      "Default": "/account/vpc/primary/id",
      "Description": "Virtual Private Cloud to run EC2 instances within. Should NOT be the account default VPC.",
      "Type": "AWS::SSM::Parameter::Value<AWS::EC2::VPC::Id>",
    },
    "newsletterstoolPrivateSubnets": {
      "Default": "/account/vpc/primary/subnets/private",
      "Description": "A list of private subnets",
      "Type": "AWS::SSM::Parameter::Value<List<AWS::EC2::Subnet::Id>>",
    },
    "newsletterstoolPublicSubnets": {
      "Default": "/account/vpc/primary/subnets/public",
      "Description": "A list of public subnets",
      "Type": "AWS::SSM::Parameter::Value<List<AWS::EC2::Subnet::Id>>",
    },
  },
  "Resources": {
    "AutoScalingGroupNewsletterstoolASGDA0D2177": {
      "Properties": {
        "HealthCheckGracePeriod": 120,
        "HealthCheckType": "ELB",
        "LaunchConfigurationName": {
          "Ref": "AutoScalingGroupNewsletterstoolLaunchConfigBEDFBC1D",
        },
        "MaxSize": "2",
        "MinSize": "1",
        "Tags": [
          {
            "Key": "App",
            "PropagateAtLaunch": true,
            "Value": "newsletters-tool",
          },
          {
            "Key": "gu:cdk:version",
            "PropagateAtLaunch": true,
            "Value": "TEST",
          },
          {
            "Key": "gu:repo",
            "PropagateAtLaunch": true,
            "Value": "guardian/newsletters-nx",
          },
          {
            "Key": "LogKinesisStreamName",
            "PropagateAtLaunch": true,
            "Value": {
              "Ref": "LoggingStreamName",
            },
          },
          {
            "Key": "Name",
            "PropagateAtLaunch": true,
            "Value": "NewslettersTool-TEST/AutoScalingGroupNewsletterstool",
          },
          {
            "Key": "Stack",
            "PropagateAtLaunch": true,
            "Value": "newsletters",
          },
          {
            "Key": "Stage",
            "PropagateAtLaunch": true,
            "Value": "TEST",
          },
        ],
        "TargetGroupARNs": [
          {
            "Ref": "TargetGroupNewsletterstool43BAC68D",
          },
        ],
        "VPCZoneIdentifier": {
          "Ref": "newsletterstoolPrivateSubnets",
        },
      },
      "Type": "AWS::AutoScaling::AutoScalingGroup",
    },
    "AutoScalingGroupNewsletterstoolInstanceProfile8E2BABCD": {
      "Properties": {
        "Roles": [
          {
            "Ref": "InstanceRoleNewsletterstoolDD0F3665",
          },
        ],
      },
      "Type": "AWS::IAM::InstanceProfile",
    },
    "AutoScalingGroupNewsletterstoolLaunchConfigBEDFBC1D": {
      "DependsOn": [
        "InstanceRoleNewsletterstoolDD0F3665",
      ],
      "Properties": {
        "IamInstanceProfile": {
          "Ref": "AutoScalingGroupNewsletterstoolInstanceProfile8E2BABCD",
        },
        "ImageId": {
          "Ref": "AMINewsletterstool",
        },
        "InstanceType": "t4g.small",
        "MetadataOptions": {
          "HttpTokens": "required",
        },
        "SecurityGroups": [
          {
            "Fn::GetAtt": [
              "GuHttpsEgressSecurityGroupNewsletterstoolA988BFEB",
              "GroupId",
            ],
          },
          {
            "Fn::GetAtt": [
              "WazuhSecurityGroup",
              "GroupId",
            ],
          },
        ],
        "UserData": {
          "Fn::Base64": {
            "Fn::Join": [
              "",
              [
                "#!/bin/bash
set -e
set +x
aws s3 cp s3://",
                {
                  "Ref": "DistributionBucketName",
                },
                "/newsletters/TEST/newsletters-tool/newsletters-tool.zip /tmp
mkdir -p /opt/newsletters-tool
unzip /tmp/newsletters-tool.zip -d /opt/newsletters-tool
chown -R ubuntu /opt/newsletters-tool
su ubuntu -c '/usr/local/node/pm2 start --name newsletters-tool /opt/newsletters-tool/dist/apps/newsletters-api/main.cjs'",
              ],
            ],
          },
        },
      },
      "Type": "AWS::AutoScaling::LaunchConfiguration",
    },
    "CNAME": {
      "Properties": {
        "Name": "newsletters-tool.test.dev-gutools.co.uk",
        "RecordType": "CNAME",
        "ResourceRecords": [
          {
            "Fn::GetAtt": [
              "LoadBalancerNewsletterstoolE9AB350F",
              "DNSName",
            ],
          },
        ],
        "Stage": "TEST",
        "TTL": 3600,
      },
      "Type": "Guardian::DNS::RecordSet",
    },
    "CertificateNewsletterstoolAB12580B": {
      "DeletionPolicy": "Retain",
      "Properties": {
        "DomainName": "newsletters-tool.test.dev-gutools.co.uk",
        "Tags": [
          {
            "Key": "App",
            "Value": "newsletters-tool",
          },
          {
            "Key": "gu:cdk:version",
            "Value": "TEST",
          },
          {
            "Key": "gu:repo",
            "Value": "guardian/newsletters-nx",
          },
          {
            "Key": "Name",
            "Value": "NewslettersTool-TEST/CertificateNewsletterstool",
          },
          {
            "Key": "Stack",
            "Value": "newsletters",
          },
          {
            "Key": "Stage",
            "Value": "TEST",
          },
        ],
        "ValidationMethod": "DNS",
      },
      "Type": "AWS::CertificateManager::Certificate",
      "UpdateReplacePolicy": "Retain",
    },
    "DescribeEC2PolicyFF5F9295": {
      "Properties": {
        "PolicyDocument": {
          "Statement": [
            {
              "Action": [
                "autoscaling:DescribeAutoScalingInstances",
                "autoscaling:DescribeAutoScalingGroups",
                "ec2:DescribeTags",
                "ec2:DescribeInstances",
              ],
              "Effect": "Allow",
              "Resource": "*",
            },
          ],
          "Version": "2012-10-17",
        },
        "PolicyName": "describe-ec2-policy",
        "Roles": [
          {
            "Ref": "InstanceRoleNewsletterstoolDD0F3665",
          },
        ],
      },
      "Type": "AWS::IAM::Policy",
    },
    "GetDistributablePolicyNewsletterstool5ADBF705": {
      "Properties": {
        "PolicyDocument": {
          "Statement": [
            {
              "Action": "s3:GetObject",
              "Effect": "Allow",
              "Resource": {
                "Fn::Join": [
                  "",
                  [
                    "arn:aws:s3:::",
                    {
                      "Ref": "DistributionBucketName",
                    },
                    "/newsletters/TEST/newsletters-tool/*",
                  ],
                ],
              },
            },
          ],
          "Version": "2012-10-17",
        },
        "PolicyName": "GetDistributablePolicyNewsletterstool5ADBF705",
        "Roles": [
          {
            "Ref": "InstanceRoleNewsletterstoolDD0F3665",
          },
        ],
      },
      "Type": "AWS::IAM::Policy",
    },
    "GuHttpsEgressSecurityGroupNewsletterstoolA988BFEB": {
      "Properties": {
        "GroupDescription": "Allow all outbound HTTPS traffic",
        "SecurityGroupEgress": [
          {
            "CidrIp": "0.0.0.0/0",
            "Description": "Allow all outbound HTTPS traffic",
            "FromPort": 443,
            "IpProtocol": "tcp",
            "ToPort": 443,
          },
        ],
        "Tags": [
          {
            "Key": "App",
            "Value": "newsletters-tool",
          },
          {
            "Key": "gu:cdk:version",
            "Value": "TEST",
          },
          {
            "Key": "gu:repo",
            "Value": "guardian/newsletters-nx",
          },
          {
            "Key": "Stack",
            "Value": "newsletters",
          },
          {
            "Key": "Stage",
            "Value": "TEST",
          },
        ],
        "VpcId": {
          "Ref": "VpcId",
        },
      },
      "Type": "AWS::EC2::SecurityGroup",
    },
    "GuHttpsEgressSecurityGroupNewsletterstoolfromNewslettersToolTESTIdPAccessNewsletterstoolD34AC715300055F7D2AB": {
      "Properties": {
        "Description": "Load balancer to target",
        "FromPort": 3000,
        "GroupId": {
          "Fn::GetAtt": [
            "GuHttpsEgressSecurityGroupNewsletterstoolA988BFEB",
            "GroupId",
          ],
        },
        "IpProtocol": "tcp",
        "SourceSecurityGroupId": {
          "Fn::GetAtt": [
            "IdPAccessNewsletterstoolCB424E42",
            "GroupId",
          ],
        },
        "ToPort": 3000,
      },
      "Type": "AWS::EC2::SecurityGroupIngress",
    },
    "GuHttpsEgressSecurityGroupNewsletterstoolfromNewslettersToolTESTLoadBalancerNewsletterstoolSecurityGroup304BBB80300072FF156C": {
      "Properties": {
        "Description": "Load balancer to target",
        "FromPort": 3000,
        "GroupId": {
          "Fn::GetAtt": [
            "GuHttpsEgressSecurityGroupNewsletterstoolA988BFEB",
            "GroupId",
          ],
        },
        "IpProtocol": "tcp",
        "SourceSecurityGroupId": {
          "Fn::GetAtt": [
            "LoadBalancerNewsletterstoolSecurityGroup5FD4AD1C",
            "GroupId",
          ],
        },
        "ToPort": 3000,
      },
      "Type": "AWS::EC2::SecurityGroupIngress",
    },
    "GuLogShippingPolicy981BFE5A": {
      "Properties": {
        "PolicyDocument": {
          "Statement": [
            {
              "Action": [
                "kinesis:Describe*",
                "kinesis:Put*",
              ],
              "Effect": "Allow",
              "Resource": {
                "Fn::Join": [
                  "",
                  [
                    "arn:aws:kinesis:eu-west-1:",
                    {
                      "Ref": "AWS::AccountId",
                    },
                    ":stream/",
                    {
                      "Ref": "LoggingStreamName",
                    },
                  ],
                ],
              },
            },
          ],
          "Version": "2012-10-17",
        },
        "PolicyName": "GuLogShippingPolicy981BFE5A",
        "Roles": [
          {
            "Ref": "InstanceRoleNewsletterstoolDD0F3665",
          },
        ],
      },
      "Type": "AWS::IAM::Policy",
    },
    "IdPAccessNewsletterstoolCB424E42": {
      "Properties": {
        "GroupDescription": "Allow all outbound HTTPS traffic",
        "SecurityGroupEgress": [
          {
            "CidrIp": "0.0.0.0/0",
            "Description": "Allow all outbound HTTPS traffic",
            "FromPort": 443,
            "IpProtocol": "tcp",
            "ToPort": 443,
          },
        ],
        "Tags": [
          {
            "Key": "App",
            "Value": "newsletters-tool",
          },
          {
            "Key": "gu:cdk:version",
            "Value": "TEST",
          },
          {
            "Key": "gu:repo",
            "Value": "guardian/newsletters-nx",
          },
          {
            "Key": "Stack",
            "Value": "newsletters",
          },
          {
            "Key": "Stage",
            "Value": "TEST",
          },
        ],
        "VpcId": {
          "Ref": "VpcId",
        },
      },
      "Type": "AWS::EC2::SecurityGroup",
    },
    "IdPAccessNewsletterstooltoNewslettersToolTESTGuHttpsEgressSecurityGroupNewsletterstool576F819230004F10AA16": {
      "Properties": {
        "Description": "Load balancer to target",
        "DestinationSecurityGroupId": {
          "Fn::GetAtt": [
            "GuHttpsEgressSecurityGroupNewsletterstoolA988BFEB",
            "GroupId",
          ],
        },
        "FromPort": 3000,
        "GroupId": {
          "Fn::GetAtt": [
            "IdPAccessNewsletterstoolCB424E42",
            "GroupId",
          ],
        },
        "IpProtocol": "tcp",
        "ToPort": 3000,
      },
      "Type": "AWS::EC2::SecurityGroupEgress",
    },
    "InstanceRoleNewsletterstoolDD0F3665": {
      "Properties": {
        "AssumeRolePolicyDocument": {
          "Statement": [
            {
              "Action": "sts:AssumeRole",
              "Effect": "Allow",
              "Principal": {
                "Service": "ec2.amazonaws.com",
              },
            },
          ],
          "Version": "2012-10-17",
        },
        "ManagedPolicyArns": [
          {
            "Fn::Join": [
              "",
              [
                "arn:",
                {
                  "Ref": "AWS::Partition",
                },
                ":iam::aws:policy/AmazonSSMManagedInstanceCore",
              ],
            ],
          },
        ],
        "Path": "/",
        "Tags": [
          {
            "Key": "App",
            "Value": "newsletters-tool",
          },
          {
            "Key": "gu:cdk:version",
            "Value": "TEST",
          },
          {
            "Key": "gu:repo",
            "Value": "guardian/newsletters-nx",
          },
          {
            "Key": "Stack",
            "Value": "newsletters",
          },
          {
            "Key": "Stage",
            "Value": "TEST",
          },
        ],
      },
      "Type": "AWS::IAM::Role",
    },
    "ListenerNewsletterstoolFF7146AA": {
      "Properties": {
        "Certificates": [
          {
            "CertificateArn": {
              "Ref": "CertificateNewsletterstoolAB12580B",
            },
          },
        ],
        "DefaultActions": [
          {
            "AuthenticateOidcConfig": {
              "AuthenticationRequestExtraParams": {
                "hd": "guardian.co.uk",
              },
              "AuthorizationEndpoint": "https://accounts.google.com/o/oauth2/v2/auth",
              "ClientId": {
                "Ref": "GoogleClientID",
              },
              "ClientSecret": "{{resolve:secretsmanager:/TEST/deploy/newsletters/clientSecret:SecretString:::}}",
              "Issuer": "https://accounts.google.com",
              "OnUnauthenticatedRequest": "authenticate",
              "Scope": "openid",
              "TokenEndpoint": "https://oauth2.googleapis.com/token",
              "UserInfoEndpoint": "https://openidconnect.googleapis.com/v1/userinfo",
            },
            "Order": 1,
            "Type": "authenticate-oidc",
          },
          {
            "Order": 2,
            "TargetGroupArn": {
              "Ref": "TargetGroupNewsletterstool43BAC68D",
            },
            "Type": "forward",
          },
        ],
        "LoadBalancerArn": {
          "Ref": "LoadBalancerNewsletterstoolE9AB350F",
        },
        "Port": 443,
        "Protocol": "HTTPS",
      },
      "Type": "AWS::ElasticLoadBalancingV2::Listener",
    },
    "LoadBalancerNewsletterstoolE9AB350F": {
      "Properties": {
        "LoadBalancerAttributes": [
          {
            "Key": "deletion_protection.enabled",
            "Value": "true",
          },
        ],
        "Scheme": "internet-facing",
        "SecurityGroups": [
          {
            "Fn::GetAtt": [
              "LoadBalancerNewsletterstoolSecurityGroup5FD4AD1C",
              "GroupId",
            ],
          },
          {
            "Fn::GetAtt": [
              "IdPAccessNewsletterstoolCB424E42",
              "GroupId",
            ],
          },
        ],
        "Subnets": {
          "Ref": "newsletterstoolPublicSubnets",
        },
        "Tags": [
          {
            "Key": "App",
            "Value": "newsletters-tool",
          },
          {
            "Key": "gu:cdk:version",
            "Value": "TEST",
          },
          {
            "Key": "gu:repo",
            "Value": "guardian/newsletters-nx",
          },
          {
            "Key": "Stack",
            "Value": "newsletters",
          },
          {
            "Key": "Stage",
            "Value": "TEST",
          },
        ],
        "Type": "application",
      },
      "Type": "AWS::ElasticLoadBalancingV2::LoadBalancer",
    },
    "LoadBalancerNewsletterstoolSecurityGroup5FD4AD1C": {
      "Properties": {
        "GroupDescription": "Automatically created Security Group for ELB NewslettersToolTESTLoadBalancerNewsletterstool4BEF0D7F",
        "SecurityGroupIngress": [
          {
            "CidrIp": "0.0.0.0/0",
            "Description": "Allow from anyone on port 443",
            "FromPort": 443,
            "IpProtocol": "tcp",
            "ToPort": 443,
          },
        ],
        "Tags": [
          {
            "Key": "App",
            "Value": "newsletters-tool",
          },
          {
            "Key": "gu:cdk:version",
            "Value": "TEST",
          },
          {
            "Key": "gu:repo",
            "Value": "guardian/newsletters-nx",
          },
          {
            "Key": "Stack",
            "Value": "newsletters",
          },
          {
            "Key": "Stage",
            "Value": "TEST",
          },
        ],
        "VpcId": {
          "Ref": "VpcId",
        },
      },
      "Type": "AWS::EC2::SecurityGroup",
    },
    "LoadBalancerNewsletterstoolSecurityGrouptoNewslettersToolTESTGuHttpsEgressSecurityGroupNewsletterstool576F81923000859A4066": {
      "Properties": {
        "Description": "Load balancer to target",
        "DestinationSecurityGroupId": {
          "Fn::GetAtt": [
            "GuHttpsEgressSecurityGroupNewsletterstoolA988BFEB",
            "GroupId",
          ],
        },
        "FromPort": 3000,
        "GroupId": {
          "Fn::GetAtt": [
            "LoadBalancerNewsletterstoolSecurityGroup5FD4AD1C",
            "GroupId",
          ],
        },
        "IpProtocol": "tcp",
        "ToPort": 3000,
      },
      "Type": "AWS::EC2::SecurityGroupEgress",
    },
    "ParameterStoreReadNewsletterstoolC810365C": {
      "Properties": {
        "PolicyDocument": {
          "Statement": [
            {
              "Action": "ssm:GetParametersByPath",
              "Effect": "Allow",
              "Resource": {
                "Fn::Join": [
                  "",
                  [
                    "arn:aws:ssm:eu-west-1:",
                    {
                      "Ref": "AWS::AccountId",
                    },
                    ":parameter/TEST/newsletters/newsletters-tool",
                  ],
                ],
              },
            },
            {
              "Action": [
                "ssm:GetParameters",
                "ssm:GetParameter",
              ],
              "Effect": "Allow",
              "Resource": {
                "Fn::Join": [
                  "",
                  [
                    "arn:aws:ssm:eu-west-1:",
                    {
                      "Ref": "AWS::AccountId",
                    },
                    ":parameter/TEST/newsletters/newsletters-tool/*",
                  ],
                ],
              },
            },
          ],
          "Version": "2012-10-17",
        },
        "PolicyName": "parameter-store-read-policy",
        "Roles": [
          {
            "Ref": "InstanceRoleNewsletterstoolDD0F3665",
          },
        ],
      },
      "Type": "AWS::IAM::Policy",
    },
    "TargetGroupNewsletterstool43BAC68D": {
      "Properties": {
        "HealthCheckIntervalSeconds": 10,
        "HealthCheckPath": "/healthcheck",
        "HealthCheckProtocol": "HTTP",
        "HealthCheckTimeoutSeconds": 5,
        "HealthyThresholdCount": 5,
        "Port": 3000,
        "Protocol": "HTTP",
        "Tags": [
          {
            "Key": "App",
            "Value": "newsletters-tool",
          },
          {
            "Key": "gu:cdk:version",
            "Value": "TEST",
          },
          {
            "Key": "gu:repo",
            "Value": "guardian/newsletters-nx",
          },
          {
            "Key": "Stack",
            "Value": "newsletters",
          },
          {
            "Key": "Stage",
            "Value": "TEST",
          },
        ],
        "TargetGroupAttributes": [
          {
            "Key": "deregistration_delay.timeout_seconds",
            "Value": "30",
          },
          {
            "Key": "stickiness.enabled",
            "Value": "false",
          },
        ],
        "TargetType": "instance",
        "UnhealthyThresholdCount": 2,
        "VpcId": {
          "Ref": "VpcId",
        },
      },
      "Type": "AWS::ElasticLoadBalancingV2::TargetGroup",
    },
    "WazuhSecurityGroup": {
      "Properties": {
        "GroupDescription": "Allow outbound traffic from wazuh agent to manager",
        "SecurityGroupEgress": [
          {
            "CidrIp": "0.0.0.0/0",
            "Description": "Wazuh event logging",
            "FromPort": 1514,
            "IpProtocol": "tcp",
            "ToPort": 1514,
          },
          {
            "CidrIp": "0.0.0.0/0",
            "Description": "Wazuh agent registration",
            "FromPort": 1515,
            "IpProtocol": "tcp",
            "ToPort": 1515,
          },
        ],
        "Tags": [
          {
            "Key": "gu:cdk:version",
            "Value": "TEST",
          },
          {
            "Key": "gu:repo",
            "Value": "guardian/newsletters-nx",
          },
          {
            "Key": "Stack",
            "Value": "newsletters",
          },
          {
            "Key": "Stage",
            "Value": "TEST",
          },
        ],
        "VpcId": {
          "Ref": "VpcId",
        },
      },
      "Type": "AWS::EC2::SecurityGroup",
    },
  },
}
`;
